// Jest Snapshot v1, https://goo.gl/fbAQLP

exports[`DarkModeToggle Component Snapshots Accessibility has correct aria-label for light and dark modes: dark mode aria-label 1`] = `"<div data-testid="theme-provider"><div data-theme="light"><button class="dark-mode-toggle flex items-center justify-center bg-transparent rounded-full transition-colors hover:bg-gray-100 dark:hover:bg-gray-800 p-2 " aria-label="Switch to light mode"><svg xmlns="http://www.w3.org/2000/svg" class="h-5 w-5" fill="none" viewBox="0 0 24 24" stroke="currentColor"><path stroke-linecap="round" stroke-linejoin="round" stroke-width="2" d="M12 3v1m0 16v1m9-9h-1M4 12H3m15.364 6.364l-.707-.707M6.343 6.343l-.707-.707m12.728 0l-.707.707M6.343 17.657l-.707.707M16 12a4 4 0 11-8 0 4 4 0 018 0z"></path></svg></button></div></div>"`;

exports[`DarkModeToggle Component Snapshots Accessibility has correct aria-label for light and dark modes: light mode aria-label 1`] = `"<div data-testid="theme-provider"><div data-theme="light"><button class="dark-mode-toggle flex items-center justify-center bg-transparent rounded-full transition-colors hover:bg-gray-100 dark:hover:bg-gray-800 p-2 " aria-label="Switch to dark mode"><svg xmlns="http://www.w3.org/2000/svg" class="h-5 w-5" fill="none" viewBox="0 0 24 24" stroke="currentColor"><path stroke-linecap="round" stroke-linejoin="round" stroke-width="2" d="M20.354 15.354A9 9 0 018.646 3.646 9.003 9.003 0 0012 21a9.003 9.003 0 008.354-5.646z"></path></svg></button></div></div>"`;

exports[`DarkModeToggle Component Snapshots Custom Classes renders with custom class names 1`] = `"<div data-testid="theme-provider"><div data-theme="light"><button class="dark-mode-toggle flex items-center justify-center bg-transparent rounded-full transition-colors hover:bg-gray-100 dark:hover:bg-gray-800 p-2 custom-class-1 custom-class-2" aria-label="Switch to dark mode"><svg xmlns="http://www.w3.org/2000/svg" class="h-5 w-5" fill="none" viewBox="0 0 24 24" stroke="currentColor"><path stroke-linecap="round" stroke-linejoin="round" stroke-width="2" d="M20.354 15.354A9 9 0 018.646 3.646 9.003 9.003 0 0012 21a9.003 9.003 0 008.354-5.646z"></path></svg></button></div></div>"`;

exports[`DarkModeToggle Component Snapshots Size Variants renders in different sizes: size: large 1`] = `"<div data-testid="theme-provider"><div data-theme="light"><button class="dark-mode-toggle flex items-center justify-center bg-transparent rounded-full transition-colors hover:bg-gray-100 dark:hover:bg-gray-800 p-2.5 " aria-label="Switch to dark mode"><svg xmlns="http://www.w3.org/2000/svg" class="h-6 w-6" fill="none" viewBox="0 0 24 24" stroke="currentColor"><path stroke-linecap="round" stroke-linejoin="round" stroke-width="2" d="M20.354 15.354A9 9 0 018.646 3.646 9.003 9.003 0 0012 21a9.003 9.003 0 008.354-5.646z"></path></svg></button></div></div>"`;

exports[`DarkModeToggle Component Snapshots Size Variants renders in different sizes: size: medium 1`] = `"<div data-testid="theme-provider"><div data-theme="light"><button class="dark-mode-toggle flex items-center justify-center bg-transparent rounded-full transition-colors hover:bg-gray-100 dark:hover:bg-gray-800 p-2 " aria-label="Switch to dark mode"><svg xmlns="http://www.w3.org/2000/svg" class="h-5 w-5" fill="none" viewBox="0 0 24 24" stroke="currentColor"><path stroke-linecap="round" stroke-linejoin="round" stroke-width="2" d="M20.354 15.354A9 9 0 018.646 3.646 9.003 9.003 0 0012 21a9.003 9.003 0 008.354-5.646z"></path></svg></button></div></div>"`;

exports[`DarkModeToggle Component Snapshots Size Variants renders in different sizes: size: small 1`] = `"<div data-testid="theme-provider"><div data-theme="light"><button class="dark-mode-toggle flex items-center justify-center bg-transparent rounded-full transition-colors hover:bg-gray-100 dark:hover:bg-gray-800 p-1.5 " aria-label="Switch to dark mode"><svg xmlns="http://www.w3.org/2000/svg" class="h-4 w-4" fill="none" viewBox="0 0 24 24" stroke="currentColor"><path stroke-linecap="round" stroke-linejoin="round" stroke-width="2" d="M20.354 15.354A9 9 0 018.646 3.646 9.003 9.003 0 0012 21a9.003 9.003 0 008.354-5.646z"></path></svg></button></div></div>"`;

exports[`DarkModeToggle Component Snapshots Theme Variants renders correctly within light and dark themes: within dark theme 1`] = `"<div data-testid="theme-provider"><div data-theme="dark"><button class="dark-mode-toggle flex items-center justify-center bg-transparent rounded-full transition-colors hover:bg-gray-100 dark:hover:bg-gray-800 p-2 " aria-label="Switch to dark mode"><svg xmlns="http://www.w3.org/2000/svg" class="h-5 w-5" fill="none" viewBox="0 0 24 24" stroke="currentColor"><path stroke-linecap="round" stroke-linejoin="round" stroke-width="2" d="M20.354 15.354A9 9 0 018.646 3.646 9.003 9.003 0 0012 21a9.003 9.003 0 008.354-5.646z"></path></svg></button></div></div>"`;

exports[`DarkModeToggle Component Snapshots Theme Variants renders correctly within light and dark themes: within light theme 1`] = `"<div data-testid="theme-provider"><div data-theme="light"><button class="dark-mode-toggle flex items-center justify-center bg-transparent rounded-full transition-colors hover:bg-gray-100 dark:hover:bg-gray-800 p-2 " aria-label="Switch to dark mode"><svg xmlns="http://www.w3.org/2000/svg" class="h-5 w-5" fill="none" viewBox="0 0 24 24" stroke="currentColor"><path stroke-linecap="round" stroke-linejoin="round" stroke-width="2" d="M20.354 15.354A9 9 0 018.646 3.646 9.003 9.003 0 0012 21a9.003 9.003 0 008.354-5.646z"></path></svg></button></div></div>"`;

exports[`DarkModeToggle Component Snapshots Theme Variants renders light and dark mode icons correctly: dark mode icon 1`] = `"<div data-testid="theme-provider"><div data-theme="light"><button class="dark-mode-toggle flex items-center justify-center bg-transparent rounded-full transition-colors hover:bg-gray-100 dark:hover:bg-gray-800 p-2 " aria-label="Switch to light mode"><svg xmlns="http://www.w3.org/2000/svg" class="h-5 w-5" fill="none" viewBox="0 0 24 24" stroke="currentColor"><path stroke-linecap="round" stroke-linejoin="round" stroke-width="2" d="M12 3v1m0 16v1m9-9h-1M4 12H3m15.364 6.364l-.707-.707M6.343 6.343l-.707-.707m12.728 0l-.707.707M6.343 17.657l-.707.707M16 12a4 4 0 11-8 0 4 4 0 018 0z"></path></svg></button></div></div>"`;

exports[`DarkModeToggle Component Snapshots Theme Variants renders light and dark mode icons correctly: light mode icon 1`] = `"<div data-testid="theme-provider"><div data-theme="light"><button class="dark-mode-toggle flex items-center justify-center bg-transparent rounded-full transition-colors hover:bg-gray-100 dark:hover:bg-gray-800 p-2 " aria-label="Switch to dark mode"><svg xmlns="http://www.w3.org/2000/svg" class="h-5 w-5" fill="none" viewBox="0 0 24 24" stroke="currentColor"><path stroke-linecap="round" stroke-linejoin="round" stroke-width="2" d="M20.354 15.354A9 9 0 018.646 3.646 9.003 9.003 0 0012 21a9.003 9.003 0 008.354-5.646z"></path></svg></button></div></div>"`;
